huster@huster-VMware-Virtual-Platform:~/桌面/OS/riscv-pke$ git checkout lab1_challenge3_multicore
分支 'lab1_challenge3_multicore' 设置为跟踪 'origin/lab1_challenge3_multicore'。
切换到一个新分支 'lab1_challenge3_multicore'
huster@huster-VMware-Virtual-Platform:~/桌面/OS/riscv-pke$ git merge lab1_3_irq -m "continue to work on lab1_challenge3"
自动合并 kernel/machine/mtrap.c
Merge made by the 'ort' strategy.
 kernel/machine/mtrap.c | 3 +--
 kernel/strap.c         | 5 +++--
 2 files changed, 4 insertions(+), 4 deletions(-)
huster@huster-VMware-Virtual-Platform:~/桌面/OS/riscv-pke$ make
compiling util/snprintf.c
compiling util/string.c
linking  obj/util.a ...
Util lib has been build into "obj/util.a"
compiling spike_interface/dts_parse.c
compiling spike_interface/spike_file.c
compiling spike_interface/spike_htif.c
compiling spike_interface/spike_memory.c
compiling spike_interface/spike_utils.c
linking  obj/spike_interface.a ...
Spike lib has been build into "obj/spike_interface.a"
compiling kernel/elf.c
compiling kernel/kernel.c
compiling kernel/process.c
compiling kernel/strap.c
compiling kernel/syscall.c
compiling kernel/machine/minit.c
compiling kernel/machine/mtrap.c
compiling kernel/strap_vector.S
compiling kernel/machine/mentry.S
compiling kernel/machine/mtrap_vector.S
linking obj/riscv-pke ...
PKE core has been built into "obj/riscv-pke"
compiling user/app0.c
compiling user/user_lib.c
linking obj/app0 ...
User app has been built into "obj/app0"
compiling user/app1.c
linking obj/app1 ...
User app has been built into "obj/app1"
huster@huster-VMware-Virtual-Platform:~/桌面/OS/riscv-pke$ spike -p2 ./obj/riscv-pke ./obj/app0 ./obj/app1
HTIF is available!
(Emulated) memory size: 2048 MB
In m_start, hartid:0
hartid = 0: Enter supervisor mode...
hartid = 0: Application: ./obj/app0
hartid = 0: Application program entry point (virtual address): 0x0000000081000000
hartid = 0: Switch to user mode...
In m_start, hartid:1
hartid = 1: Enter supervisor mode...
hartid = 1: Application: ./obj/app1
hartid = 1: Application program entry point (virtual address): 0x0000000085000000
hartid = 1: Switch to user mode...
hartid = 0: >>> app0 is expected to be executed by hart0
hartid = 1: >>> app1 is expected to be executed by hart1
hartid = 0: User exit with code:0.
hartid = 1: User exit with code:0.
hartid = 0: shutdown with code:0.
System is shutting down with exit code 0.
huster@huster-VMware-Virtual-Platform:~/桌面/OS/riscv-pke$ git status
位于分支 lab1_challenge3_multicore
您的分支领先 'origin/lab1_challenge3_multicore' 共 6 个提交。
  （使用 "git push" 来发布您的本地提交）

尚未暂存以备提交的变更：
  （使用 "git add <文件>..." 更新要提交的内容）
  （使用 "git restore <文件>..." 丢弃工作区的改动）
	修改：     kernel/elf.c
	修改：     kernel/kernel.c
	修改：     kernel/machine/mentry.S
	修改：     kernel/machine/minit.c
	修改：     kernel/process.c
	修改：     kernel/process.h
	修改：     kernel/strap.c
	修改：     kernel/syscall.c

修改尚未加入提交（使用 "git add" 和/或 "git commit -a"）
huster@huster-VMware-Virtual-Platform:~/桌面/OS/riscv-pke$ git commit -a -m "my work on lab1_challenge3 is done."
[lab1_challenge3_multicore 2ed204c] my work on lab1_challenge3 is done.
 8 files changed, 131 insertions(+), 229 deletions(-)