huster@huster-VMware-Virtual-Platform:~/桌面/OS/riscv-pke$ git checkout lab1_challenge2_errorline
分支 'lab1_challenge2_errorline' 设置为跟踪 'origin/lab1_challenge2_errorline'。
切换到一个新分支 'lab1_challenge2_errorline'
huster@huster-VMware-Virtual-Platform:~/桌面/OS/riscv-pke$ git merge lab1_3_irq -m "continue to work on lab1_challenge2"
自动合并 kernel/machine/mtrap.c
Merge made by the 'ort' strategy.
 kernel/machine/mtrap.c | 3 +--
 kernel/strap.c         | 5 +++--
 2 files changed, 4 insertions(+), 4 deletions(-)
huster@huster-VMware-Virtual-Platform:~/桌面/OS/riscv-pke$ make
compiling util/snprintf.c
compiling util/string.c
linking  obj/util.a ...
Util lib has been build into "obj/util.a"
compiling spike_interface/dts_parse.c
compiling spike_interface/spike_file.c
compiling spike_interface/spike_htif.c
compiling spike_interface/spike_memory.c
compiling spike_interface/spike_utils.c
linking  obj/spike_interface.a ...
Spike lib has been build into "obj/spike_interface.a"
compiling kernel/elf.c
compiling kernel/kernel.c
compiling kernel/process.c
compiling kernel/strap.c
compiling kernel/syscall.c
compiling kernel/machine/minit.c
compiling kernel/machine/mtrap.c
compiling kernel/strap_vector.S
compiling kernel/machine/mentry.S
compiling kernel/machine/mtrap_vector.S
linking obj/riscv-pke ...
PKE core has been built into "obj/riscv-pke"
compiling user/app_errorline.c
compiling user/user_lib.c
linking obj/app_errorline ...
User app has been built into "obj/app_errorline"
huster@huster-VMware-Virtual-Platform:~/桌面/OS/riscv-pke$ spike ./obj/riscv-pke ./obj/app_errorline
In m_start, hartid:0
HTIF is available!
(Emulated) memory size: 2048 MB
Enter supervisor mode...
Application: ./obj/app_errorline
Application program entry point (virtual address): 0x0000000081000000
Switch to user mode...
Going to hack the system by running privilege instructions.
Runtime error at user/app_errorline.c:13
  asm volatile("csrw sscratch, 0");
Illegal instruction!
System is shutting down with exit code -1.
huster@huster-VMware-Virtual-Platform:~/桌面/OS/riscv-pke$ git status
位于分支 lab1_challenge2_errorline
您的分支领先 'origin/lab1_challenge2_errorline' 共 6 个提交。
  （使用 "git push" 来发布您的本地提交）

尚未暂存以备提交的变更：
  （使用 "git add <文件>..." 更新要提交的内容）
  （使用 "git restore <文件>..." 丢弃工作区的改动）
	修改：     kernel/elf.c
	修改：     kernel/elf.h
	修改：     kernel/machine/mtrap.c

修改尚未加入提交（使用 "git add" 和/或 "git commit -a"）
huster@huster-VMware-Virtual-Platform:~/桌面/OS/riscv-pke$ git commit -a -m "my work on lab1_challenge2 is done."
[lab1_challenge2_errorline b177df3] my work on lab1_challenge2 is done.
 3 files changed, 209 insertions(+), 6 deletions(-)